
> clientflow@0.1.0 dev
> next dev

▲ Next.js 16.3.5 (Turbopack)
- Local:         http://localhost:18277
- Network:       http://172.18.0.1:18277
- Environments: .env.local
✓ Ready in 723ms
✓ Running next.config.ts took 50ms

 GET /login 200 in 1149ms (next.js: 592ms, application-code: 558ms)
 GET / 200 in 287ms (next.js: 59ms, application-code: 228ms)
 GET / 200 in 200ms (next.js: 17ms, application-code: 183ms)
 GET / 200 in 109ms (next.js: 6ms, application-code: 104ms)
 GET / 200 in 153ms (next.js: 17ms, application-code: 136ms)
 GET / 200 in 156ms (next.js: 7ms, application-code: 149ms)
 GET /login?mode=signup 200 in 58ms (next.js: 9ms, application-code: 48ms)
 GET /login 200 in 57ms (next.js: 5ms, application-code: 53ms)
 GET /login?mode=signup 200 in 111ms (next.js: 7ms, application-code: 104ms)
 GET /login?mode=signup 200 in 63ms (next.js: 9ms, application-code: 54ms)
 GET / 200 in 271ms (next.js: 34ms, application-code: 238ms)
 GET /dashboard 200 in 339ms (next.js: 187ms, application-code: 152ms)
 GET /dashboard 200 in 347ms (next.js: 229ms, application-code: 118ms)
 GET /dashboard 200 in 105ms (next.js: 11ms, application-code: 94ms)
 GET /dashboard 200 in 108ms (next.js: 37ms, application-code: 71ms)
 GET /invoices 200 in 1681ms (next.js: 1630ms, application-code: 51ms)
 GET / 200 in 244ms (next.js: 127ms, application-code: 117ms)
 GET /dashboard 200 in 60ms (next.js: 13ms, application-code: 46ms)
 GET / 200 in 128ms (next.js: 9ms, application-code: 119ms)
 GET /dashboard 200 in 52ms (next.js: 10ms, application-code: 42ms)
 GET /dashboard 200 in 44ms (next.js: 7ms, application-code: 38ms)
 GET /dashboard 200 in 53ms (next.js: 8ms, application-code: 45ms)
 GET /dashboard 200 in 41ms (next.js: 6ms, application-code: 35ms)
 GET /dashboard 200 in 54ms (next.js: 7ms, application-code: 47ms)
 GET /dashboard 200 in 49ms (next.js: 6ms, application-code: 43ms)
 GET / 200 in 135ms (next.js: 7ms, application-code: 128ms)
 GET /dashboard 200 in 43ms (next.js: 7ms, application-code: 36ms)
 GET / 200 in 164ms (next.js: 15ms, application-code: 149ms)
 GET /dashboard 200 in 29ms (next.js: 6ms, application-code: 23ms)
 GET / 200 in 93ms (next.js: 38ms, application-code: 55ms)
 GET /login 200 in 132ms (next.js: 67ms, application-code: 64ms)
 GET /login 200 in 82ms (next.js: 44ms, application-code: 38ms)
 GET / 200 in 156ms (next.js: 10ms, application-code: 146ms)
[?25h
